[38;5;159m[Genesis] [08:11:01] [INFO] [38;5;121m╭───────────────────────────────────────────────╮[0m[38;5;159m[0m
[38;5;159m[Genesis] [08:11:01] [INFO] [38;5;121m│┈┉┈┉┈┉┈┉┈┉┈┉┈┉┈┉┈┉┈[0m[38;5;159m [38;5;121m[1m[3mGenesis[0m[38;5;159m [38;5;121m┈┉┈┉┈┉┈┉┈┉┈┉┈┉┈┉┈┉┈│[0m[38;5;159m[0m
[38;5;159m[Genesis] [08:11:01] [INFO] [38;5;121m╰───────────────────────────────────────────────╯[0m[38;5;159m[0m
[38;5;159m[Genesis] [08:11:02] [INFO] Running on [38;5;121m[4m[AMD Radeon Graphics][0m[38;5;159m with backend [38;5;121m[4mgs.amdgpu[0m[38;5;159m. Device memory: [38;5;121m[4m47.98[0m[38;5;159m GB.[0m
[38;5;159m[Genesis] [08:11:02] [INFO] 🚀 Genesis initialized. 🔖 version: [38;5;121m[4m1.3.0[0m[38;5;159m, 🎨 theme: [38;5;121m[4mdark[0m[38;5;159m, 🌱 seed: [38;5;121m[4m20260707[0m[38;5;159m, 🐛 debug: [38;5;121m[4mFalse[0m[38;5;159m, 📏 precision: [38;5;121m[4m32[0m[38;5;159m, 🔥 performance: [38;5;121m[4mFalse[0m[38;5;159m, 💬 verbose: [38;5;121m[4mINFO[0m[38;5;159m[0m
[38;5;159m[Genesis] [08:11:04] [INFO] Scene [38;5;121m[3m<fdaba76>[0m[38;5;159m created.[0m
[38;5;159m[Genesis] [08:11:04] [INFO] Adding [38;5;121m<gs.engine.entities.RigidEntity>[0m[38;5;159m. idx: [38;5;121m0[0m[38;5;159m, uid: [38;5;121m[3m<80c693f>[0m[38;5;159m, morph: [38;5;121m<gs.morphs.Plane>[0m[38;5;159m, material: [38;5;121m<gs.materials.Rigid>[0m[38;5;159m.[0m
[38;5;159m[Genesis] [08:11:04] [INFO] Adding [38;5;121m<gs.engine.entities.RigidEntity>[0m[38;5;159m. idx: [38;5;121m1[0m[38;5;159m, uid: [38;5;121m[3m<3609e23>[0m[38;5;159m, morph: [38;5;121m<gs.morphs.Box>[0m[38;5;159m, material: [38;5;121m<gs.materials.Rigid>[0m[38;5;159m.[0m
[38;5;159m[Genesis] [08:11:04] [INFO] Adding [38;5;121m<gs.engine.entities.RigidEntity>[0m[38;5;159m. idx: [38;5;121m2[0m[38;5;159m, uid: [38;5;121m[3m<6d0071e>[0m[38;5;159m, morph: [38;5;121m<gs.morphs.Box>[0m[38;5;159m, material: [38;5;121m<gs.materials.Rigid>[0m[38;5;159m.[0m
[38;5;159m[Genesis] [08:11:04] [INFO] Adding [38;5;121m<gs.engine.entities.RigidEntity>[0m[38;5;159m. idx: [38;5;121m3[0m[38;5;159m, uid: [38;5;121m[3m<17f3b86>[0m[38;5;159m, morph: [38;5;121m<gs.morphs.Box>[0m[38;5;159m, material: [38;5;121m<gs.materials.Rigid>[0m[38;5;159m.[0m
[38;5;159m[Genesis] [08:11:04] [INFO] Adding [38;5;121m<gs.engine.entities.RigidEntity>[0m[38;5;159m. idx: [38;5;121m4[0m[38;5;159m, uid: [38;5;121m[3m<074adc9>[0m[38;5;159m, morph: [38;5;121m<gs.morphs.Box>[0m[38;5;159m, material: [38;5;121m<gs.materials.Rigid>[0m[38;5;159m.[0m
[38;5;159m[Genesis] [08:11:04] [INFO] Adding [38;5;121m<gs.engine.entities.RigidEntity>[0m[38;5;159m. idx: [38;5;121m5[0m[38;5;159m, uid: [38;5;121m[3m<63aecaf>[0m[38;5;159m, morph: [38;5;121m<gs.morphs.Box>[0m[38;5;159m, material: [38;5;121m<gs.materials.Rigid>[0m[38;5;159m.[0m
[38;5;159m[Genesis] [08:11:04] [INFO] Adding [38;5;121m<gs.engine.entities.RigidEntity>[0m[38;5;159m. idx: [38;5;121m6[0m[38;5;159m, uid: [38;5;121m[3m<63f48fc>[0m[38;5;159m, morph: [38;5;121m<gs.morphs.Box>[0m[38;5;159m, material: [38;5;121m<gs.materials.Rigid>[0m[38;5;159m.[0m
[38;5;159m[Genesis] [08:11:04] [INFO] Adding [38;5;121m<gs.engine.entities.RigidEntity>[0m[38;5;159m. idx: [38;5;121m7[0m[38;5;159m, uid: [38;5;121m[3m<07f5b3d>[0m[38;5;159m, morph: [38;5;121m<gs.morphs.Box>[0m[38;5;159m, material: [38;5;121m<gs.materials.Rigid>[0m[38;5;159m.[0m
[38;5;159m[Genesis] [08:11:04] [INFO] Adding [38;5;121m<gs.engine.entities.RigidEntity>[0m[38;5;159m. idx: [38;5;121m8[0m[38;5;159m, uid: [38;5;121m[3m<6f9d7b7>[0m[38;5;159m, morph: [38;5;121m<gs.morphs.Box>[0m[38;5;159m, material: [38;5;121m<gs.materials.Rigid>[0m[38;5;159m.[0m
[38;5;159m[Genesis] [08:11:04] [INFO] Adding [38;5;121m<gs.engine.entities.RigidEntity>[0m[38;5;159m. idx: [38;5;121m9[0m[38;5;159m, uid: [38;5;121m[3m<042fa3c>[0m[38;5;159m, morph: [38;5;121m<gs.morphs.Box>[0m[38;5;159m, material: [38;5;121m<gs.materials.Rigid>[0m[38;5;159m.[0m
[38;5;159m[Genesis] [08:11:04] [INFO] Adding [38;5;121m<gs.engine.entities.RigidEntity>[0m[38;5;159m. idx: [38;5;121m10[0m[38;5;159m, uid: [38;5;121m[3m<bc04970>[0m[38;5;159m, morph: [38;5;121m<gs.morphs.Box>[0m[38;5;159m, material: [38;5;121m<gs.materials.Rigid>[0m[38;5;159m.[0m
[38;5;159m[Genesis] [08:11:04] [INFO] Adding [38;5;121m<gs.engine.entities.RigidEntity>[0m[38;5;159m. idx: [38;5;121m11[0m[38;5;159m, uid: [38;5;121m[3m<b742354>[0m[38;5;159m, morph: [38;5;121m<gs.morphs.Mesh(file='/persistent/projects/reference-franka/assets/ycb/024_bowl/textured.obj')>[0m[38;5;159m, material: [38;5;121m<gs.materials.Rigid>[0m[38;5;159m.[0m
[38;5;159m[Genesis] [08:11:04] [INFO] Convex hull is not accurate enough for collision detection (21.454). Falling back to more expensive convex decomposition (see FileMorph options).[0m
[38;5;159m[Genesis] [08:11:04] [INFO] Adding [38;5;121m<gs.engine.entities.RigidEntity>[0m[38;5;159m. idx: [38;5;121m12[0m[38;5;159m, uid: [38;5;121m[3m<16ff7f4>[0m[38;5;159m, morph: [38;5;121m<gs.morphs.MJCF(file='/persistent/projects/radeon-home/outputs/final-mobile-migration-rocm/no_video/generated_assets/panda_planar_official_gripper.xml')>[0m[38;5;159m, material: [38;5;121m<gs.materials.Rigid>[0m[38;5;159m.[0m
[38;5;226m[Genesis] [08:11:05] [WARNING] (MJCF) Approximating tendon by joint actuator for `finger_joint1`[0m
[38;5;226m[Genesis] [08:11:05] [WARNING] (MJCF) Approximating tendon by joint actuator for `finger_joint2`[0m
[38;5;159m[Genesis] [08:11:05] [INFO] Building scene [38;5;121m[3m<fdaba76>[0m[38;5;159m...[0m
[38;5;226m[Genesis] [08:11:06] [WARNING] Neutral robot position (qpos0) exceeds joint limits.[0m
[38;5;226m[Genesis] [08:11:06] [WARNING] Constraint solver time constant should be greater than 2*substep_dt. timeconst is changed from `0.005` to `0.01`). Decrease simulation timestep or increase timeconst to avoid altering the original value.[0m
[38;5;226m[Genesis] [08:11:08] [WARNING] Filtered out geometry pairs causing self-collision for the neutral configuration (qpos0): (38, 43), (39, 43), (46, 53), (47, 52), (48, 55), (49, 54). Consider tuning Morph option 'decompose_robot_error_threshold' or specify dedicated collision meshes. This behavior can be disabled by setting Morph option 'enable_neutral_collision=True'.[0m
[38;5;159m[Genesis] [08:11:10] [INFO] Compiling simulation kernels...[0m
[38;5;159m[Genesis] [08:11:27] [INFO] Building visualizer...[0m
[38;5;226m[Genesis] [08:11:28] [WARNING] This property is deprecated and will be removed in future release. Please use 'dofs_idx_local' instead.[0m
[38;5;226m[Genesis] [08:11:28] [WARNING] This property is deprecated and will be removed in future release. Please use 'dofs_idx_local' instead.[0m
[38;5;226m[Genesis] [08:11:28] [WARNING] This property is deprecated and will be removed in future release. Please use 'dofs_idx_local' instead.[0m
[38;5;226m[Genesis] [08:11:28] [WARNING] This property is deprecated and will be removed in future release. Please use 'dofs_idx_local' instead.[0m
[38;5;226m[Genesis] [08:11:28] [WARNING] This property is deprecated and will be removed in future release. Please use 'dofs_idx_local' instead.[0m
[38;5;226m[Genesis] [08:11:28] [WARNING] This property is deprecated and will be removed in future release. Please use 'dofs_idx_local' instead.[0m
[38;5;226m[Genesis] [08:11:28] [WARNING] This property is deprecated and will be removed in future release. Please use 'dofs_idx_local' instead.[0m
[38;5;226m[Genesis] [08:11:28] [WARNING] This property is deprecated and will be removed in future release. Please use 'dofs_idx_local' instead.[0m
[38;5;226m[Genesis] [08:11:28] [WARNING] This property is deprecated and will be removed in future release. Please use 'dofs_idx_local' instead.[0m
[38;5;226m[Genesis] [08:11:28] [WARNING] This property is deprecated and will be removed in future release. Please use 'dofs_idx_local' instead.[0m
[38;5;226m[Genesis] [08:11:28] [WARNING] This property is deprecated and will be removed in future release. Please use 'dofs_idx_local' instead.[0m
[38;5;226m[Genesis] [08:11:28] [WARNING] This property is deprecated and will be removed in future release. Please use 'dofs_idx_local' instead.[0m
[38;5;226m[Genesis] [08:11:28] [WARNING] This property is deprecated and will be removed in future release. Please use 'dofs_idx_local' instead.[0m
{
  "backend": "gpu",
  "seed": 20260707,
  "pipeline": "single_scene_planar_mjcf_physical_contact",
  "task": {
    "semantic_object_id": "trash",
    "physical_object": "parcel_small",
    "physical_object_profile": {
      "size_xyz_m": [
        0.035,
        0.035,
        0.05
      ],
      "mass_kg": 0.025,
      "density_kg_m3": 408.1632653061224,
      "friction": 2.5,
      "close_force_n": -12.0,
      "yaw_deg": 0.0,
      "grasp_z_offset_m": 0.0,
      "carry_mode_requested": "lifted",
      "slip_monitoring_enabled": true
    },
    "source_zone": "coffee_table",
    "target_zone": "trash_bin",
    "start_xy": [
      -2.5,
      1.75
    ],
    "planned_distance_m": 8.371320343559642
  },
  "coordinate_transforms": {
    "pickup_T_room_from_mjcf": [
      [
        6.123233995736766e-17,
        -1.0,
        0.0,
        0.0
      ],
      [
        1.0,
        6.123233995736766e-17,
        0.0,
        1.75
      ],
      [
        0.0,
        0.0,
        1.0,
        0.0
      ],
      [
        0.0,
        0.0,
        0.0,
        1.0
      ]
    ],
    "delivery_T_room_from_mjcf": [
      [
        6.123233995736766e-17,
        -1.0,
        0.0,
        2.0
      ],
      [
        1.0,
        6.123233995736766e-17,
        0.0,
        -2.0
      ],
      [
        0.0,
        0.0,
        1.0,
        0.0
      ],
      [
        0.0,
        0.0,
        0.0,
        1.0
      ]
    ],
    "pickup_local_object_xyz": [
      0.34,
      -0.08,
      0.775
    ],
    "pickup_predicted_world_xyz": [
      0.08000000000000003,
      2.09,
      0.775
    ],
    "pickup_actual_world_xyz": [
      0.07999999821186066,
      2.0899999141693115,
      0.7745364308357239
    ],
    "transform_error_m": 0.0004635691722254493
  },
  "navigation": {
    "pickup_target_pose": {
      "x": 0.0,
      "y": 1.75,
      "yaw": 1.5707963267948966
    },
    "pickup_measured_pose": {
      "x": -9.5367431640625e-07,
      "y": 1.75,
      "yaw": 1.570795432725225
    },
    "pickup_error_m": 9.5367431640625e-07,
    "delivery_target_pose": {
      "x": 2.0,
      "y": -2.0,
      "yaw": 1.5707963267948966
    },
    "delivery_measured_pose": {
      "x": 2.0,
      "y": -1.9999983310699463,
      "yaw": 1.570796446004172
    },
    "delivery_error_m": 1.6689300537109375e-06,
    "base_joint_target": [
      4.5,
      -3.75,
      1.5707963267948966
    ],
    "base_joint_measured": [
      4.500003814697266,
      -3.750001907348633,
      1.5707954168319702
    ]
  },
  "manipulation": {
    "robot_asset": "official_franka_mjcf_with_generated_planar_root",
    "close_contacts": {
      "contact_count": 39,
      "contact_positions_xyz": [
        [
          0.06205322593450546,
          2.0920839309692383,
          0.7994371056556702
        ],
        [
          0.062063366174697876,
          2.082230806350708,
          0.7994129061698914
        ],
        [
          0.06277469545602798,
          2.0782673358917236,
          0.7545754313468933
        ],
        [
          0.06278125941753387,
          2.0952632427215576,
          0.754429817199707
        ],
        [
          0.06281497329473495,
          2.0784194469451904,
          0.7715712189674377
        ],
        [
          0.06282151490449905,
          2.095412254333496,
          0.7714220285415649
        ],
        [
          0.06352469325065613,
          2.0782675743103027,
          0.7545749545097351
        ],
        [
          0.06352702528238297,
          2.0842621326446533,
          0.7545280456542969
        ],
        [
          0.06352892518043518,
          2.0892672538757324,
          0.7544783353805542
        ],
        [
          0.06353125721216202,
          2.095261335372925,
          0.754431426525116
        ],
        [
          0.06353890150785446,
          2.0783257484436035,
          0.7605690360069275
        ],
        [
          0.06354120373725891,
          2.0843138694763184,
          0.7605164051055908
        ],
        [
          0.06354314088821411,
          2.089325428009033,
          0.7604724764823914
        ],
        [
          0.06354544311761856,
          2.0953140258789062,
          0.7604198455810547
        ],
        [
          0.06354839354753494,
          2.078355312347412,
          0.7645745277404785
        ],
        [
          0.06355496495962143,
          2.0953495502471924,
          0.7644311189651489
        ],
        [
          0.0635649561882019,
          2.0784223079681396,
          0.7715685367584229
        ],
        [
          0.0635715052485466,
          2.0954108238220215,
          0.7714194655418396
        ],
        [
          0.09496290236711502,
          2.0782697200775146,
          0.7545195817947388
        ],
        [
          0.09496519714593887,
          2.084259033203125,
          0.7544671297073364
        ],
        [
          0.09496712684631348,
          2.0892691612243652,
          0.7544231414794922
        ],
        [
          0.09496945142745972,
          2.095258951187134,
          0.7543706297874451
        ],
        [
          0.09497709572315216,
          2.078322172164917,
          0.760509192943573
        ],
        [
          0.09497940540313721,
          2.0843164920806885,
          0.7604615688323975
        ],
        [
          0.09498133510351181,
          2.0893216133117676,
          0.7604127526283264
        ],
        [
          0.09498365223407745,
          2.0953164100646973,
          0.7603651285171509
        ],
        [
          0.09498659521341324,
          2.078356981277466,
          0.7645193338394165
        ],
        [
          0.09498890489339828,
          2.0843465328216553,
          0.7644667029380798
        ],
        [
          0.09499083459377289,
          2.0893564224243164,
          0.7644228339195251
        ],
        [
          0.09499313682317734,
          2.095346212387085,
          0.7643701434135437
        ],
        [
          0.0950031504034996,
          2.078418254852295,
          0.7715086340904236
        ],
        [
          0.09500546753406525,
          2.0844130516052246,
          0.7714611291885376
        ],
        [
          0.09500738978385925,
          2.0894179344177246,
          0.7714121341705322
        ],
        [
          0.0950097143650055,
          2.0954127311706543,
          0.771364688873291
        ],
        [
          0.09571288526058197,
          2.078267812728882,
          0.7545170783996582
        ],
        [
          0.09571943432092667,
          2.0952610969543457,
          0.7543679475784302
        ],
        [
          0.09575315564870834,
          2.0784168243408203,
          0.7715103030204773
        ],
        [
          0.09575971961021423,
          2.0954134464263916,
          0.7713642716407776
        ],
        [
          0.09663692861795425,
          2.0920867919921875,
          0.7993475794792175
        ]
      ],
      "contact_force_norms_n": [
        0.1084161326289177,
        0.1189744621515274,
        0.497662216424942,
        0.49510157108306885,
        0.5009229183197021,
        0.49836093187332153,
        0.80521559715271,
        0.804304301738739,
        0.8035414814949036,
        0.802631139755249,
        0.8063653111457825,
        0.8054530024528503,
        0.8046923875808716,
        0.8037797808647156,
        0.8071351647377014,
        0.8045501708984375,
        0.8084768056869507,
        0.8058899641036987,
        0.6694620847702026,
        0.6703685522079468,
        0.6711258292198181,
        0.6720356345176697,
        0.6683118939399719,
        0.6692188382148743,
        0.6699780225753784,
        0.6708846688270569,
        0.6675403118133545,
        0.668449342250824,
        0.6692054867744446,
        0.6701146960258484,
        0.6662015914916992,
        0.6671079397201538,
        0.6678664088249207,
        0.6687737703323364,
        0.36213943362236023,
        0.36466771364212036,
        0.3588855266571045,
        0.3614112436771393,
        0.023152658715844154
      ],
      "contact_link_pairs": [
        {
          "link_a": "box_baselink",
          "link_b": "right_finger"
        },
        {
          "link_a": "box_baselink",
          "link_b": "right_finger"
        },
        {
          "link_a": "box_baselink",
          "link_b": "right_finger"
        },
        {
          "link_a": "box_baselink",
          "link_b": "right_finger"
        },
        {
          "link_a": "box_baselink",
          "link_b": "right_finger"
        },
        {
          "link_a": "box_baselink",
          "link_b": "right_finger"
        },
        {
          "link_a": "box_baselink",
          "link_b": "right_finger"
        },
        {
          "link_a": "box_baselink",
          "link_b": "right_finger"
        },
        {
          "link_a": "box_baselink",
          "link_b": "right_finger"
        },
        {
          "link_a": "box_baselink",
          "link_b": "right_finger"
        },
        {
          "link_a": "box_baselink",
          "link_b": "right_finger"
        },
        {
          "link_a": "box_baselink",
          "link_b": "right_finger"
        },
        {
          "link_a": "box_baselink",
          "link_b": "right_finger"
        },
        {
          "link_a": "box_baselink",
          "link_b": "right_finger"
        },
        {
          "link_a": "box_baselink",
          "link_b": "right_finger"
        },
        {
          "link_a": "box_baselink",
          "link_b": "right_finger"
        },
        {
          "link_a": "box_baselink",
          "link_b": "right_finger"
        },
        {
          "link_a": "box_baselink",
          "link_b": "right_finger"
        },
        {
          "link_a": "box_baselink",
          "link_b": "left_finger"
        },
        {
          "link_a": "box_baselink",
          "link_b": "left_finger"
        },
        {
          "link_a": "box_baselink",
          "link_b": "left_finger"
        },
        {
          "link_a": "box_baselink",
          "link_b": "left_finger"
        },
        {
          "link_a": "box_baselink",
          "link_b": "left_finger"
        },
        {
          "link_a": "box_baselink",
          "link_b": "left_finger"
        },
        {
          "link_a": "box_baselink",
          "link_b": "left_finger"
        },
        {
          "link_a": "box_baselink",
          "link_b": "left_finger"
        },
        {
          "link_a": "box_baselink",
          "link_b": "left_finger"
        },
        {
          "link_a": "box_baselink",
          "link_b": "left_finger"
        },
        {
          "link_a": "box_baselink",
          "link_b": "left_finger"
        },
        {
          "link_a": "box_baselink",
          "link_b": "left_finger"
        },
        {
          "link_a": "box_baselink",
          "link_b": "left_finger"
        },
        {
          "link_a": "box_baselink",
          "link_b": "left_finger"
        },
        {
          "link_a": "box_baselink",
          "link_b": "left_finger"
        },
        {
          "link_a": "box_baselink",
          "link_b": "left_finger"
        },
        {
          "link_a": "box_baselink",
          "link_b": "left_finger"
        },
        {
          "link_a": "box_baselink",
          "link_b": "left_finger"
        },
        {
          "link_a": "box_baselink",
          "link_b": "left_finger"
        },
        {
          "link_a": "box_baselink",
          "link_b": "left_finger"
        },
        {
          "link_a": "box_baselink",
          "link_b": "left_finger"
        }
      ],
      "contacted_fingers": [
        "left_finger",
        "right_finger"
      ],
      "bilateral_finger_contact": true
    },
    "initial_object_xyz": [
      0.07999999821186066,
      2.0899999141693115,
      0.7745364308357239
    ],
    "lifted_object_xyz": [
      0.07943683117628098,
      2.090545415878296,
      0.9542473554611206
    ],
    "object_lift_m": 0.17971092462539673,
    "hand_payload_distance_after_lift_m": 0.0923493504524231,
    "hand_payload_distance_after_retract_m": 0.09241566061973572,
    "hand_payload_distance_after_transport_m": 0.10627150535583496,
    "transport_checkpoints": [
      {
        "segment": 1,
        "base_xy": [
          0.25,
          1.5
        ],
        "payload_hand_distance_m": 0.09294410049915314,
        "finger_qpos_m": [
          0.0146114407107234,
          0.014609468169510365
        ]
      },
      {
        "segment": 2,
        "base_xy": [
          0.5,
          1.5
        ],
        "payload_hand_distance_m": 0.0934697687625885,
        "finger_qpos_m": [
          0.01456674188375473,
          0.014564258977770805
        ]
      },
      {
        "segment": 3,
        "base_xy": [
          0.75,
          1.25
        ],
        "payload_hand_distance_m": 0.09401682019233704,
        "finger_qpos_m": [
          0.014568469487130642,
          0.01456598099321127
        ]
      },
      {
        "segment": 4,
        "base_xy": [
          1.0,
          1.25
        ],
        "payload_hand_distance_m": 0.09454086422920227,
        "finger_qpos_m": [
          0.014589330181479454,
          0.014587652869522572
        ]
      },
      {
        "segment": 5,
        "base_xy": [
          1.25,
          1.25
        ],
        "payload_hand_distance_m": 0.09510896354913712,
        "finger_qpos_m": [
          0.014557582326233387,
          0.01455534715205431
        ]
      },
      {
        "segment": 6,
        "base_xy": [
          1.5,
          1.25
        ],
        "payload_hand_distance_m": 0.09564671665430069,
        "finger_qpos_m": [
          0.014594359323382378,
          0.014592302031815052
        ]
      },
      {
        "segment": 7,
        "base_xy": [
          1.75,
          1.25
        ],
        "payload_hand_distance_m": 0.09621711075305939,
        "finger_qpos_m": [
          0.014577744528651237,
          0.014575133100152016
        ]
      },
      {
        "segment": 8,
        "base_xy": [
          2.0,
          1.25
        ],
        "payload_hand_distance_m": 0.09677956253290176,
        "finger_qpos_m": [
          0.014574822038412094,
          0.014573067426681519
        ]
      },
      {
        "segment": 9,
        "base_xy": [
          2.25,
          1.0
        ],
        "payload_hand_distance_m": 0.09738767147064209,
        "finger_qpos_m": [
          0.014545961283147335,
          0.014543848112225533
        ]
      },
      {
        "segment": 10,
        "base_xy": [
          2.5,
          0.75
        ],
        "payload_hand_distance_m": 0.09800153970718384,
        "finger_qpos_m": [
          0.014536372385919094,
          0.01453455165028572
        ]
      },
      {
        "segment": 11,
        "base_xy": [
          2.5,
          0.5
        ],
        "payload_hand_distance_m": 0.0985884815454483,
        "finger_qpos_m": [
          0.01457530539482832,
          0.014576246961951256
        ]
      },
      {
        "segment": 12,
        "base_xy": [
          2.5,
          0.25
        ],
        "payload_hand_distance_m": 0.0991780087351799,
        "finger_qpos_m": [
          0.014579963870346546,
          0.014580806717276573
        ]
      },
      {
        "segment": 13,
        "base_xy": [
          2.5,
          0.0
        ],
        "payload_hand_distance_m": 0.09980012476444244,
        "finger_qpos_m": [
          0.014559886418282986,
          0.014561248011887074
        ]
      },
      {
        "segment": 14,
        "base_xy": [
          2.5,
          -0.25
        ],
        "payload_hand_distance_m": 0.1003943383693695,
        "finger_qpos_m": [
          0.014600924216210842,
          0.014601296745240688
        ]
      },
      {
        "segment": 15,
        "base_xy": [
          2.25,
          -0.5
        ],
        "payload_hand_distance_m": 0.10102076828479767,
        "finger_qpos_m": [
          0.01455465517938137,
          0.014558661729097366
        ]
      },
      {
        "segment": 16,
        "base_xy": [
          2.25,
          -0.75
        ],
        "payload_hand_distance_m": 0.10161705315113068,
        "finger_qpos_m": [
          0.014601347967982292,
          0.014602698385715485
        ]
      },
      {
        "segment": 17,
        "base_xy": [
          2.25,
          -1.0
        ],
        "payload_hand_distance_m": 0.10225953906774521,
        "finger_qpos_m": [
          0.014579877257347107,
          0.014580962248146534
        ]
      },
      {
        "segment": 18,
        "base_xy": [
          2.25,
          -1.25
        ],
        "payload_hand_distance_m": 0.10289833694696426,
        "finger_qpos_m": [
          0.014558467082679272,
          0.014559523202478886
        ]
      },
      {
        "segment": 19,
        "base_xy": [
          2.25,
          -1.5
        ],
        "payload_hand_distance_m": 0.10351972281932831,
        "finger_qpos_m": [
          0.014562616124749184,
          0.01456356793642044
        ]
      },
      {
        "segment": 20,
        "base_xy": [
          2.25,
          -1.75
        ],
        "payload_hand_distance_m": 0.10414194315671921,
        "finger_qpos_m": [
          0.014550212770700455,
          0.014551314525306225
        ]
      },
      {
        "segment": 21,
        "base_xy": [
          2.0,
          -2.0
        ],
        "payload_hand_distance_m": 0.10475478321313858,
        "finger_qpos_m": [
          0.014573918655514717,
          0.014577843248844147
        ]
      },
      {
        "segment": "final_orientation",
        "base_xy": [
          2.0,
          -2.0
        ],
        "payload_hand_distance_m": 0.10627150535583496
      }
    ],
    "phase_metrics": {
      "pregrasp": {
        "commanded_hand_xyz": [
          0.07999999821186066,
          2.0899999141693115,
          0.9545364379882812
        ],
        "measured_hand_xyz": [
          0.07943131029605865,
          2.089174270629883,
          0.9531721472740173
        ],
        "hand_error_m": 0.001693039434030652,
        "control_steps": 210
      },
      "reach": {
        "commanded_hand_xyz": [
          0.07999999821186066,
          2.0899999141693115,
          0.8682864415645599
        ],
        "measured_hand_xyz": [
          0.07961694151163101,
          2.087989568710327,
          0.8670877814292908
        ],
        "hand_error_m": 0.0023717098093850716,
        "control_steps": 100
      },
      "lift": {
        "commanded_hand_xyz": [
          0.07999999821186066,
          2.0899999141693115,
          1.05
        ],
        "measured_hand_xyz": [
          0.07948409765958786,
          2.0881574153900146,
          1.045886516571045
        ],
        "hand_error_m": 0.004536705969294709,
        "control_steps": 199
      },
      "grip_width_hold": {
        "finger_target_qpos_m": [
          0.013695822097361088,
          0.01369880698621273
        ],
        "preload_per_finger_m": 0.0,
        "preload_control_steps": 1,
        "mode": "post_lift_position_hold_after_force_close",
        "kinematic_object_attachment": false
      },
      "carry_pose_hold": {
        "commanded_hand_xyz": [
          0.07945854216814041,
          2.0879905223846436,
          1.046561360359192
        ],
        "measured_hand_xyz": [
          0.07944522053003311,
          2.0879456996917725,
          1.0467572212219238
        ],
        "control_steps": 10,
        "strategy": "retain_verified_lift_pose",
        "carry_mode": "lifted"
      },
      "above_target": {
        "commanded_hand_xyz": [
          2.098337411880493,
          -1.4538651704788208,
          0.943494348526001
        ],
        "measured_hand_xyz": [
          2.0977554321289062,
          -1.457703709602356,
          0.9384883642196655
        ],
        "hand_error_m": 0.006335058161488677,
        "control_steps": 229
      },
      "payload_aware_release_target": {
        "payload_relative_to_hand_xyz": [
          -0.00022602081298828125,
          0.004632711410522461,
          -0.10617023706436157
        ],
        "desired_payload_release_xyz": [
          2.098111391067505,
          -1.4492324590682983,
          0.8373241114616394
        ],
        "compensated_hand_target_xyz": [
          2.098337411880493,
          -1.4538651704788208,
          0.943494348526001
        ]
      },
      "retreat": {
        "commanded_hand_xyz": [
          2.098337411880493,
          -1.4538651704788208,
          1.1
        ],
        "measured_hand_xyz": [
          2.0977933406829834,
          -1.4553123712539673,
          1.0922081470489502
        ],
        "hand_error_m": 0.00794376333750756,
        "control_steps": 100
      }
    },
    "placement_metrics": {
      "horizontal_error_m": 0.016170548275113106,
      "payload_bottom_z_m": 0.7550762891769409,
      "bowl_rim_z_m": 0.8073975443840027,
      "below_rim": true
    }
  },
  "grasp_success": true,
  "payload_lost_during_transport": false,
  "place_success": true,
  "transport_success": true,
  "recorded_control_steps": 3569,
  "recorded_video_frames": 0,
  "recorded_rgb_key_frames": [],
  "recorded_depth_key_frames": [],
  "upstream": {
    "url": "https://github.com/wangxunx/franka_fruit_pick_demo",
    "tested_commit": "64ae838",
    "local_root": "/persistent/projects/reference-franka"
  },
  "limitations": [
    "The planar base is position-controlled and navigation collision safety is enforced by the inflated A* grid.",
    "The holonomic base preserves its verified grasp heading while loaded instead of rotating the payload at path corners.",
    "The official Franka arm, finger pads, object contacts, payload retention, and release remain physically simulated."
  ],
  "artifacts": {
    "provenance": "Rendered directly from one continuous Genesis simulation state",
    "synthetic_or_reconstructed": false,
    "key_frames": [],
    "depth_key_frames": [],
    "full_run_video": null,
    "structured_result": "mobile_mjcf_pipeline_result.json",
    "generated_robot_asset": "generated_assets/panda_planar_official_gripper.xml",
    "upstream_credit": "https://github.com/wangxunx/franka_fruit_pick_demo",
    "upstream_commit": "64ae838"
  }
}
[38;5;159m[Genesis] [08:12:10] [INFO] 💤 Exiting Genesis and caching compiled kernels...[0m
